// Jest Snapshot v1, https://goo.gl/fbAQLP

exports[`ProgressBar renders properly with expected snapshot 1`] = `
Object {
  "asFragment": [Function],
  "baseElement": <body>
    <div>
      <div
        class="progress-bar-exercise"
      >
        <div
          class="exercise"
        >
          <h2>
            Progress Bar Exercise
          </h2>
          <div
            class="specs-url block"
          >
            <h4>
              Specs
            </h4>
            <a
              href="https://github.com/SpiffInc/spiff_react_exercises/issues/1"
            >
              https://github.com/SpiffInc/spiff_react_exercises/issues/1
            </a>
          </div>
          <div
            class="solution block"
          >
            <h4>
              Solution
            </h4>
            <div
              class="solution-workspace"
            >
              <div
                class="progress-container"
              >
                <div
                  class="progress-bar"
                  style="width: 400px;"
                >
                  <div
                    class="progress"
                    style="width: 0px;"
                  />
                </div>
                 
                <span>
                   
                  0
                  %
                </span>
              </div>
              <button
                class="btn btn-success"
              >
                Start Request
              </button>
              <button
                class="btn btn-warning"
              >
                Finish Request
              </button>
            </div>
          </div>
        </div>
      </div>
    </div>
  </body>,
  "container": <div>
    <div
      class="progress-bar-exercise"
    >
      <div
        class="exercise"
      >
        <h2>
          Progress Bar Exercise
        </h2>
        <div
          class="specs-url block"
        >
          <h4>
            Specs
          </h4>
          <a
            href="https://github.com/SpiffInc/spiff_react_exercises/issues/1"
          >
            https://github.com/SpiffInc/spiff_react_exercises/issues/1
          </a>
        </div>
        <div
          class="solution block"
        >
          <h4>
            Solution
          </h4>
          <div
            class="solution-workspace"
          >
            <div
              class="progress-container"
            >
              <div
                class="progress-bar"
                style="width: 400px;"
              >
                <div
                  class="progress"
                  style="width: 0px;"
                />
              </div>
               
              <span>
                 
                0
                %
              </span>
            </div>
            <button
              class="btn btn-success"
            >
              Start Request
            </button>
            <button
              class="btn btn-warning"
            >
              Finish Request
            </button>
          </div>
        </div>
      </div>
    </div>
  </div>,
  "debug": [Function],
  "findAllByAltText": [Function],
  "findAllByDisplayValue": [Function],
  "findAllByLabelText": [Function],
  "findAllByPlaceholderText": [Function],
  "findAllByRole": [Function],
  "findAllByTestId": [Function],
  "findAllByText": [Function],
  "findAllByTitle": [Function],
  "findByAltText": [Function],
  "findByDisplayValue": [Function],
  "findByLabelText": [Function],
  "findByPlaceholderText": [Function],
  "findByRole": [Function],
  "findByTestId": [Function],
  "findByText": [Function],
  "findByTitle": [Function],
  "getAllByAltText": [Function],
  "getAllByDisplayValue": [Function],
  "getAllByLabelText": [Function],
  "getAllByPlaceholderText": [Function],
  "getAllByRole": [Function],
  "getAllByTestId": [Function],
  "getAllByText": [Function],
  "getAllByTitle": [Function],
  "getByAltText": [Function],
  "getByDisplayValue": [Function],
  "getByLabelText": [Function],
  "getByPlaceholderText": [Function],
  "getByRole": [Function],
  "getByTestId": [Function],
  "getByText": [Function],
  "getByTitle": [Function],
  "queryAllByAltText": [Function],
  "queryAllByDisplayValue": [Function],
  "queryAllByLabelText": [Function],
  "queryAllByPlaceholderText": [Function],
  "queryAllByRole": [Function],
  "queryAllByTestId": [Function],
  "queryAllByText": [Function],
  "queryAllByTitle": [Function],
  "queryByAltText": [Function],
  "queryByDisplayValue": [Function],
  "queryByLabelText": [Function],
  "queryByPlaceholderText": [Function],
  "queryByRole": [Function],
  "queryByTestId": [Function],
  "queryByText": [Function],
  "queryByTitle": [Function],
  "rerender": [Function],
  "unmount": [Function],
}
`;
